// Jest Snapshot v1, https://goo.gl/fbAQLP

exports[`Category component should render catagory compoent 1`] = `ShallowWrapper {}`;
