// Jest Snapshot v1, https://goo.gl/fbAQLP

exports[`Shop compoent should rander shop compoent 1`] = `ShallowWrapper {}`;
