// Jest Snapshot v1, https://goo.gl/fbAQLP

exports[`checkout-item component should render checkout-item component 1`] = `ShallowWrapper {}`;
