// Jest Snapshot v1, https://goo.gl/fbAQLP

exports[`should rander signin component 1`] = `ShallowWrapper {}`;
