// Jest Snapshot v1, https://goo.gl/fbAQLP

exports[`should render checkout component 1`] = `ShallowWrapper {}`;
