// Jest Snapshot v1, https://goo.gl/fbAQLP

exports[`munu-item component should render menu-item component 1`] = `ShallowWrapper {}`;
