// Jest Snapshot v1, https://goo.gl/fbAQLP

exports[`Cart-icon component should rander cart-icon component 1`] = `ShallowWrapper {}`;
