// Jest Snapshot v1, https://goo.gl/fbAQLP

exports[`collection-preview component should render collection-preview component 1`] = `ShallowWrapper {}`;
