// Jest Snapshot v1, https://goo.gl/fbAQLP

exports[`header component should render header component 1`] = `ShallowWrapper {}`;
