// Jest Snapshot v1, https://goo.gl/fbAQLP

exports[`directory component should render directory component 1`] = `ShallowWrapper {}`;
