// Jest Snapshot v1, https://goo.gl/fbAQLP

exports[`should render sign-in component 1`] = `ShallowWrapper {}`;
