// Jest Snapshot v1, https://goo.gl/fbAQLP

exports[`CartDropdown should rander CartDropdown 1`] = `ShallowWrapper {}`;
