// Jest Snapshot v1, https://goo.gl/fbAQLP

exports[`should render cartItem compoent 1`] = `ShallowWrapper {}`;
